[turulav.com/index.html]
[turulav.com/assets/images/x-icon.png]
[turulav.com/assets/css/animate.css]
[turulav.com/assets/css/bootstrap.min.css]
[turulav.com/assets/css/icofont.min.css]
[turulav.com/assets/css/swiper.min.css]
[backblue.gif]
[fade.gif]
[index.html]
[turulav.com/assets/css/style.css]
[turulav.com/index-2.html]
[turulav.com/assets/images/logo/logo.png]
[turulav.com/members.html]
[turulav.com/profile.html]
[turulav.com/login.html]
[turulav.com/signup.html]
[turulav.com/pricing-plan.html]
[turulav.com/404.html]
[turulav.com/active-group.html]
[turulav.com/blog.html]
[turulav.com/blog-single.html]
[turulav.com/contact.html]
[turulav.com/assets/images/banner/google.png]
[turulav.com/assets/images/banner/01.png]
[turulav.com/assets/images/banner/banner-shapes/01.png]
[turulav.com/assets/images/banner/banner-shapes/02.png]
[turulav.com/assets/images/banner/banner-shapes/03.png]
[turulav.com/assets/images/banner/banner-shapes/04.png]
[turulav.com/assets/images/banner/banner-shapes/05.png]
[turulav.com/assets/images/banner/banner-shapes/06.png]
[turulav.com/assets/images/banner/banner-shapes/07.png]
[turulav.com/assets/images/banner/banner-shapes/08.png]
[turulav.com/assets/images/member/01.jpg]
[turulav.com/assets/images/member/02.jpg]
[turulav.com/assets/images/member/03.jpg]
[turulav.com/assets/images/member/04.jpg]
[turulav.com/assets/images/member/05.jpg]
[turulav.com/assets/images/member/06.jpg]
[turulav.com/assets/images/about/01.png]
[turulav.com/assets/images/about/02.png]
[turulav.com/assets/images/about/03.png]
[turulav.com/assets/images/about/04.png]
[turulav.com/assets/images/work/01.png]
[turulav.com/assets/images/work/02.png]
[turulav.com/assets/images/work/03.png]
[turulav.com/assets/images/story/01.jpg]
[turulav.com/assets/images/story/02.jpg]
[turulav.com/assets/images/story/03.jpg]
[turulav.com/assets/images/member/07.jpg]
[turulav.com/assets/images/member/08.jpg]
[turulav.com/assets/images/member/09.jpg]
[turulav.com/assets/images/member/10.jpg]
[turulav.com/assets/images/group/01.jpg]
[turulav.com/assets/images/group/group-mem/01.png]
[turulav.com/assets/images/group/group-mem/02.png]
[turulav.com/assets/images/group/group-mem/03.png]
[turulav.com/assets/images/group/group-mem/04.png]
[turulav.com/assets/images/group/group-mem/05.png]
[turulav.com/assets/images/group/group-mem/06.png]
[turulav.com/assets/images/group/02.jpg]
[turulav.com/assets/images/group/03.jpg]
[turulav.com/assets/images/group/04.jpg]
[turulav.com/assets/images/app/apple.png]
[turulav.com/assets/images/app/playstore.png]
[turulav.com/assets/images/app/mobile-view.png]
[turulav.com/assets/images/footer/icons/01.png]
[turulav.com/assets/images/footer/icons/02.png]
[turulav.com/assets/images/footer/icons/03.png]
[turulav.com/assets/images/footer/bg.png]
[turulav.com/assets/images/footer/about.jpg]
[turulav.com/assets/images/footer/01.jpg]
[turulav.com/assets/images/footer/02.jpg]
[turulav.com/assets/images/footer/03.jpg]
[turulav.com/assets/js/jquery.js]
[turulav.com/assets/js/bootstrap.bundle.min.js]
[turulav.com/assets/js/waypoints.min.js]
[turulav.com/assets/js/swiper.min.js]
[turulav.com/assets/js/jquery.counterup.min.js]
[turulav.com/assets/js/wow.min.js]
[turulav.com/assets/js/isotope.pkgd.min.js]
[turulav.com/assets/js/functions.js]
[turulav.com/index.html]
[turulav.com/assets/images/x-icon.html]
[turulav.com/assets/css/animate.css]
[turulav.com/assets/css/bootstrap.min.css]
[turulav.com/assets/css/fonts/icofont.woff2]
[turulav.com/assets/css/fonts/icofont.woff]
[turulav.com/assets/css/icofont.min.css]
[turulav.com/assets/css/swiper.min.css]
[turulav.com/assets/images/bg.jpg]
[turulav.com/assets/images/pricing-plan/pricing-plan.svg]
[turulav.com/assets/images/banner/bg.jpg]
[turulav.com/assets/images/banner/shape-top.png]
[turulav.com/assets/images/banner/shape-bottom.png]
[turulav.com/assets/images/work/bg.png]
[turulav.com/assets/images/work/arrow.png]
[turulav.com/assets/images/map.png]
[turulav.com/assets/images/app/shape.png]
[turulav.com/assets/images/blog/icon/b-code.png]
[turulav.com/assets/images/footer/shape-1.png]
[turulav.com/assets/images/footer/shape-2.png]
[turulav.com/assets/css/style.css]
[turulav.com/index-2.html]
[turulav.com/assets/images/page-header.jpg]
[turulav.com/assets/images/member/11.jpg]
[turulav.com/assets/images/member/12.jpg]
[turulav.com/assets/images/member/13.jpg]
[turulav.com/assets/images/member/14.jpg]
[turulav.com/assets/images/member/15.jpg]
[turulav.com/assets/images/member/16.jpg]
[turulav.com/assets/images/member/17.jpg]
[turulav.com/assets/images/member/18.jpg]
[turulav.com/assets/images/member/19.jpg]
[turulav.com/assets/images/member/20.jpg]
[turulav.com/members.html]
[turulav.com/assets/images/profile/cover.jpg]
[turulav.com/assets/images/profile/Profile.jpg]
[turulav.com/assets/images/profile/dp.png]
[turulav.com/assets/images/profile/post-image/02.jpg]
[turulav.com/assets/images/profile/post-image/03.jpg]
[turulav.com/assets/images/profile/post-image/01.jpg]
[turulav.com/assets/images/widget/01.jpg]
[turulav.com/assets/images/widget/02.jpg]
[turulav.com/assets/images/widget/03.jpg]
[turulav.com/assets/images/widget/04.jpg]
[turulav.com/assets/images/widget/05.jpg]
[turulav.com/assets/images/widget/06.jpg]
[turulav.com/assets/images/widget/07.jpg]
[turulav.com/assets/images/widget/08.jpg]
[turulav.com/assets/images/widget/09.jpg]
[turulav.com/assets/images/group/group-page/01.jpg]
[turulav.com/assets/images/group/group-page/02.jpg]
[turulav.com/assets/images/group/group-page/03.jpg]
[turulav.com/assets/images/group/group-page/04.jpg]
[turulav.com/assets/images/group/group-page/05.jpg]
[turulav.com/profile.html]
[turulav.com/login.html]
[turulav.com/signup.html]
[turulav.com/pricing-plan.html]
[turulav.com/assets/images/404.png]
[turulav.com/404.html]
[turulav.com/assets/images/group/05.jpg]
[turulav.com/assets/images/group/06.jpg]
[turulav.com/assets/images/group/07.jpg]
[turulav.com/assets/images/group/08.jpg]
[turulav.com/assets/images/group/09.jpg]
[turulav.com/assets/images/group/10.jpg]
[turulav.com/assets/images/group/11.jpg]
[turulav.com/assets/images/group/12.jpg]
[turulav.com/active-group.html]
[turulav.com/assets/images/blog/01.jpg]
[turulav.com/assets/images/blog/03.jpg]
[turulav.com/assets/images/blog/02.jpg]
[turulav.com/assets/images/blog/icon/code.png]
[turulav.com/blog.html]
[turulav.com/blog-single.html]
[turulav.com/assets/images/contact/01.png]
[turulav.com/assets/images/contact/02.png]
[turulav.com/assets/images/contact/03.png]
[turulav.com/assets/images/contact/04.png]
[turulav.com/contact.html]
[turulav.com/assets/css/fonts/icofont.html]
[turulav.com/assets/images/pricing-plan/pricing-plan.svg]
